Flutter crash report.
Please report a bug at https://github.com/flutter/flutter/issues.

## command

flutter test test/features/reference/reference_repository_test.dart::parseServerDate -v

## exception

ArgumentError: Invalid argument(s): Illegal character in path

```
#0      _Uri._checkWindowsPathReservedCharacters (dart:core/uri.dart:2169:11)
#1      _Uri._makeWindowsFileUrl (dart:core/uri.dart:2242:7)
#2      new _Uri.file (dart:core/uri.dart:2132:11)
#3      TestCommand._parseTestArgument (package:flutter_tools/src/commands/test.dart:791:16)
#4      MappedListIterable.elementAt (dart:_internal/iterable.dart:443:31)
#5      ListIterator.moveNext (dart:_internal/iterable.dart:372:26)
#6      new _GrowableList._ofEfficientLengthIterable (dart:core-patch/growable_array.dart:194:27)
#7      new _GrowableList.of (dart:core-patch/growable_array.dart:154:28)
#8      new List.of (dart:core-patch/array_patch.dart:39:18)
#9      ListIterable.toList (dart:_internal/iterable.dart:224:7)
#10     TestCommand.verifyThenRunCommand (package:flutter_tools/src/commands/test.dart:362:73)
#11     FlutterCommand.run.<anonymous closure> (package:flutter_tools/src/runner/flutter_command.dart:1663:33)
<asynchronous suspension>
#12     AppContext.run.<anonymous closure> (package:flutter_tools/src/base/context.dart:154:19)
<asynchronous suspension>
#13     CommandRunner.runCommand (package:args/command_runner.dart:212:13)
<asynchronous suspension>
#14     FlutterCommandRunner.runCommand.<anonymous closure> (package:flutter_tools/src/runner/flutter_command_runner.dart:496:9)
<asynchronous suspension>
#15     AppContext.run.<anonymous closure> (package:flutter_tools/src/base/context.dart:154:19)
<asynchronous suspension>
#16     FlutterCommandRunner.runCommand (package:flutter_tools/src/runner/flutter_command_runner.dart:431:5)
<asynchronous suspension>
#17     FlutterCommandRunner.run.<anonymous closure> (package:flutter_tools/src/runner/flutter_command_runner.dart:307:33)
<asynchronous suspension>
#18     run.<anonymous closure>.<anonymous closure> (package:flutter_tools/runner.dart:104:11)
<asynchronous suspension>
#19     AppContext.run.<anonymous closure> (package:flutter_tools/src/base/context.dart:154:19)
<asynchronous suspension>
#20     main (package:flutter_tools/executable.dart:103:3)
<asynchronous suspension>
```

## flutter doctor

```
[✓] Flutter (Channel stable, 3.47.2, on Microsoft Windows [Version 10.0.26200.9278], locale ko-KR) [398ms]
    • Flutter version 3.47.2 on channel stable at C:\src\flutter
    • Upstream repository https://github.com/flutter/flutter.git
    • Framework revision d3b14c8769 (9 days ago), 2026-08-26 16:07:51 -0700
    • Engine revision a804b26164
    • Dart version 3.13.2
    • DevTools version 2.60.0
    • Feature flags: enable-web, enable-linux-desktop, enable-macos-desktop, enable-windows-desktop, enable-android, enable-ios, cli-animations, enable-native-assets, enable-record-use, enable-swift-package-manager, omit-legacy-version-file, enable-lldb-debugging, enable-uiscene-migration

[✓] Windows Version (Windows 11 or higher, 25H2, 2009) [2.4s]

[!] Android toolchain - develop for Android devices (Android SDK version 36.1.0) [332ms]
    • Android SDK at C:\Users\barah\AppData\Local\Android\Sdk
    • Emulator version 36.1.9.0 (build_id 13823996) (CL:N/A)
    ✗ cmdline-tools component is missing.
      Try installing or updating Android Studio.
      Alternatively, download the tools from https://developer.android.com/studio#command-line-tools-only and make sure to set the ANDROID_HOME environment variable.
      See https://developer.android.com/studio/command-line for more details.
    ✗ Android license status unknown.
      Run `flutter doctor --android-licenses` to accept the SDK licenses.
      See https://flutter.dev/to/windows-android-setup for more details.

[✓] Chrome - develop for the web [103ms]
    • Chrome at C:\Program Files\Google\Chrome\Application\chrome.exe

[✓] Visual Studio - develop Windows apps (Visual Studio Community 2022 17.14.29 (March 2026)) [102ms]
    • Visual Studio at C:\Program Files\Microsoft Visual Studio\2022\Community
    • Visual Studio Community 2022 version 17.14.37111.16
    • Windows 10 SDK version 10.0.26100.0

[✓] Connected device (3 available) [234ms]
    • Windows (desktop) • windows • windows-x64    • Microsoft Windows [Version 10.0.26200.9278]
    • Chrome (web)      • chrome  • web-javascript • Google Chrome 152.0.7977.82
    • Edge (web)        • edge    • web-javascript • Microsoft Edge 152.0.4191.53

[✓] Network resources [931ms]
    • All expected network resources are available.

! Doctor found issues in 1 category.
```
